// Jest Snapshot v1, https://goo.gl/fbAQLP

exports[`<WalletSendAmount /> should render properly and match the snapshot 1`] = `
<View
  style={
    Object {
      "alignContent": "center",
      "backgroundColor": "#ffffff",
      "flex": 1,
      "flexDirection": "column",
      "marginLeft": 6,
      "marginRight": 6,
      "marginTop": 6,
    }
  }
  tertiary={true}
>
  <View
    style={
      Object {
        "paddingVertical": 8,
      }
    }
    verticalSpace={true}
  >
    <Text
      allowFontScaling={false}
      style={
        Array [
          Object {
            "fontSize": 15,
          },
          Object {
            "fontFamily": "Lato",
          },
          Object {
            "backgroundColor": "#333333",
            "color": "#333333",
          },
          null,
          null,
          Object {
            "backgroundColor": "transparent",
          },
          null,
          null,
          null,
          null,
          null,
          null,
          null,
          null,
        ]
      }
    >
      Please first accept the Transaction Author Agreement (TAA)!
    </Text>
    <View
      style={
        Object {
          "marginBottom": 6,
          "marginHorizontal": "5%",
          "marginTop": 20,
        }
      }
    >
      <View
        style={
          Array [
            Object {
              "marginLeft": 15,
              "marginRight": 15,
            },
            undefined,
            Object {
              "marginLeft": 0,
              "marginRight": 0,
            },
            undefined,
          ]
        }
      >
        <View
          accessibilityLabel="show-txn-author-agreement"
          accessible={true}
          isTVSelectable={true}
          onResponderGrant={[Function]}
          onResponderMove={[Function]}
          onResponderRelease={[Function]}
          onResponderTerminate={[Function]}
          onResponderTerminationRequest={[Function]}
          onStartShouldSetResponder={[Function]}
          style={
            Array [
              Object {
                "backgroundColor": "rgba(237, 156, 46, 1)",
                "borderRadius": 5,
                "flex": -1,
                "height": 43,
              },
            ]
          }
          testID="show-txn-author-agreement"
        >
          <View
            pointerEvents="box-only"
            style={
              Array [
                Object {
                  "alignItems": "center",
                  "backgroundColor": "#9E9E9E",
                  "flexDirection": "row",
                  "justifyContent": "center",
                  "padding": 19,
                },
                undefined,
                undefined,
                undefined,
                undefined,
                undefined,
                Object {
                  "backgroundColor": "rgba(237, 156, 46, 1)",
                },
                undefined,
                Object {
                  "padding": 12,
                },
                undefined,
                undefined,
                undefined,
                Array [
                  null,
                  Object {
                    "backgroundColor": "rgba(237, 156, 46, 1)",
                    "borderRadius": 5,
                    "flex": -1,
                    "height": 43,
                  },
                ],
                false,
                false,
              ]
            }
          >
            <Text
              style={
                Array [
                  Object {},
                  undefined,
                  undefined,
                  undefined,
                  undefined,
                  undefined,
                  undefined,
                  undefined,
                  undefined,
                  undefined,
                  Array [
                    Object {
                      "color": "white",
                      "fontSize": 16,
                    },
                    Object {
                      "color": "#ffffff",
                    },
                    Object {
                      "fontSize": 14,
                    },
                    undefined,
                    undefined,
                    undefined,
                    undefined,
                    false,
                  ],
                ]
              }
            >
              Read and Sign TAA
            </Text>
          </View>
        </View>
      </View>
    </View>
  </View>
</View>
`;
