// Jest Snapshot v1, https://goo.gl/fbAQLP

exports[`<Wallet /> should render Wallet 1`] = `
<View
  style={
    Object {
      "backgroundColor": "#ffffff",
      "flex": 1,
    }
  }
  tertiary={true}
>
  <View
    screenProps={
      Object {
        "navigation": Object {
          "dispatch": [MockFunction],
          "getParam": [MockFunction],
          "goBack": [MockFunction],
          "isFocused": [MockFunction],
          "navigate": [MockFunction],
          "push": [MockFunction],
          "setParams": [MockFunction],
          "state": Object {
            "params": Object {},
          },
        },
      }
    }
  />
</View>
`;
